// Jest Snapshot v1, https://goo.gl/fbAQLP

exports[`Rating Renders Rating correctly 1`] = `
<div
  className="ms-Rating"
  role="application"
>
  <div
    aria-labelledby={undefined}
    className="ms-Rating-container"
    role="radiogroup"
  >
    <div
      className="ms-Rating-star is-selected undefined"
    >
      <input
        aria-labelledby="RatingLabel1-1"
        checked={true}
        className="ms-Rating-input"
        disabled={undefined}
        id="Rating0-1"
        name="Rating0"
        onBlur={[Function]}
        onChange={[Function]}
        onFocus={[Function]}
        type="radio"
        value={1}
      />
      <label
        className="ms-Rating-label"
        htmlFor="Rating0-1"
      >
        <span
          className="ms-Rating-labelText"
          id="RatingLabel1-1"
        >
          1 Star
        </span>
        <i
          aria-hidden={true}
          aria-label={undefined}
          className=
              ms-Icon
              {
                display: inline-block;
              }
          data-icon-name="favoriteStarFill"
          role="presentation"
        />
      </label>
    </div>
    <div
      className="ms-Rating-star"
    >
      <input
        aria-labelledby="RatingLabel1-2"
        checked={false}
        className="ms-Rating-input"
        disabled={undefined}
        id="Rating0-2"
        name="Rating0"
        onBlur={[Function]}
        onChange={[Function]}
        onFocus={[Function]}
        type="radio"
        value={2}
      />
      <label
        className="ms-Rating-label"
        htmlFor="Rating0-2"
      >
        <span
          className="ms-Rating-labelText"
          id="RatingLabel1-2"
        >
          2 Star
        </span>
        <i
          aria-hidden={true}
          aria-label={undefined}
          className=
              ms-Icon
              {
                display: inline-block;
              }
          data-icon-name="favoriteStarFill"
          role="presentation"
        />
      </label>
    </div>
    <div
      className="ms-Rating-star"
    >
      <input
        aria-labelledby="RatingLabel1-3"
        checked={false}
        className="ms-Rating-input"
        disabled={undefined}
        id="Rating0-3"
        name="Rating0"
        onBlur={[Function]}
        onChange={[Function]}
        onFocus={[Function]}
        type="radio"
        value={3}
      />
      <label
        className="ms-Rating-label"
        htmlFor="Rating0-3"
      >
        <span
          className="ms-Rating-labelText"
          id="RatingLabel1-3"
        >
          3 Star
        </span>
        <i
          aria-hidden={true}
          aria-label={undefined}
          className=
              ms-Icon
              {
                display: inline-block;
              }
          data-icon-name="favoriteStarFill"
          role="presentation"
        />
      </label>
    </div>
    <div
      className="ms-Rating-star"
    >
      <input
        aria-labelledby="RatingLabel1-4"
        checked={false}
        className="ms-Rating-input"
        disabled={undefined}
        id="Rating0-4"
        name="Rating0"
        onBlur={[Function]}
        onChange={[Function]}
        onFocus={[Function]}
        type="radio"
        value={4}
      />
      <label
        className="ms-Rating-label"
        htmlFor="Rating0-4"
      >
        <span
          className="ms-Rating-labelText"
          id="RatingLabel1-4"
        >
          4 Star
        </span>
        <i
          aria-hidden={true}
          aria-label={undefined}
          className=
              ms-Icon
              {
                display: inline-block;
              }
          data-icon-name="favoriteStarFill"
          role="presentation"
        />
      </label>
    </div>
    <div
      className="ms-Rating-star"
    >
      <input
        aria-labelledby="RatingLabel1-5"
        checked={false}
        className="ms-Rating-input"
        disabled={undefined}
        id="Rating0-5"
        name="Rating0"
        onBlur={[Function]}
        onChange={[Function]}
        onFocus={[Function]}
        type="radio"
        value={5}
      />
      <label
        className="ms-Rating-label"
        htmlFor="Rating0-5"
      >
        <span
          className="ms-Rating-labelText"
          id="RatingLabel1-5"
        >
          5 Star
        </span>
        <i
          aria-hidden={true}
          aria-label={undefined}
          className=
              ms-Icon
              {
                display: inline-block;
              }
          data-icon-name="favoriteStarFill"
          role="presentation"
        />
      </label>
    </div>
  </div>
</div>
`;
