// Jest Snapshot v1, https://goo.gl/fbAQLP

exports[`ProgressIndicator renders ProgressIndicator correctly 1`] = `
<div
  className="ms-ProgressIndicator"
>
  <div
    className="ms-ProgressIndicator-itemName"
  >
    
  </div>
  <div
    className="ms-ProgressIndicator-itemProgress"
  >
    <div
      className="ms-ProgressIndicator-progressTrack"
    />
    <div
      aria-valuemax="100"
      aria-valuemin="0"
      aria-valuenow="0"
      aria-valuetext={undefined}
      className="ms-ProgressIndicator-progressBar"
      role="progressbar"
      style={
        Object {
          "width": "0%",
        }
      }
    />
  </div>
  <div
    className="ms-ProgressIndicator-itemDescription"
  >
    
  </div>
</div>
`;
