// Jest Snapshot v1, https://goo.gl/fbAQLP

exports[`Panel renders Panel correctly 1`] = `
<div
  aria-describedby={undefined}
  aria-label={undefined}
  aria-labelledby="Panel0-headerText"
  className=""
  onKeyDown={[Function]}
  role="dialog"
  style={
    Object {
      "overflowY": undefined,
    }
  }
>
  <div
    className="ms-Panel is-open undefined ms-Panel--sm undefined ms-Panel--hasCloseButton undefined"
    type={1}
  >
    <div
      className=
          ms-Overlay
          {
            animation-duration: 0.267s;
            animation-fill-mode: both;
            animation-name: keyframes from{opacity:0;}to{opacity:1;};
            animation-timing-function: cubic-bezier(.1,.25,.75,.9);
            background-color: rgba(255,255,255,.4);
            bottom: 0px;
            left: 0px;
            position: absolute;
            right: 0px;
            top: 0px;
          }
          @media screen and (-ms-high-contrast: active){& {
            border: 1px solid WindowText;
          }
      onClick={undefined}
    />
    <div
      aria-labelledby={undefined}
      className=
          ms-Panel-main
          {
            animation-duration: 0.367s;
            animation-fill-mode: both;
            animation-name: keyframes from{opacity:0;}to{opacity:1;} keyframes from{transform:translate3d(40px,0,0);}to{transform:translate3d(0,0,0);};
            animation-timing-function: cubic-bezier(.1,.9,.2,1);
          }
      onFocusCapture={[Function]}
      onKeyDown={[Function]}
      style={Object {}}
    >
      <div
        className="ms-Panel-scrollableContent"
      >
        <div
          className="ms-Panel-commands"
          data-is-visible={true}
        >
          <div
            className="ms-Panel-navigation"
          >
            <button
              aria-describedby={undefined}
              aria-disabled={undefined}
              aria-label={undefined}
              aria-labelledby={undefined}
              aria-pressed={undefined}
              className=
                  ms-Button
                  ms-Button--icon
                  ms-Panel-closeButton
                  ms-PanelAction-close
                  {
                    -moz-osx-font-smoothing: grayscale;
                    -webkit-font-smoothing: antialiased;
                    background-color: transparent;
                    border-radius: 0px;
                    border: 1px solid transparent;
                    box-sizing: border-box;
                    color: #666666;
                    cursor: pointer;
                    display: inline-block;
                    font-family: 'Segoe UI', 'Segoe UI Web (West European)', 'Segoe UI', -apple-system, BlinkMacSystemFont, 'Roboto', 'Helvetica Neue', sans-serif;
                    font-size: 20px;
                    font-weight: 400;
                    height: auto;
                    outline: transparent;
                    padding-bottom: 0;
                    padding-left: 4px;
                    padding-right: 4px;
                    padding-top: 0;
                    position: relative;
                    text-align: center;
                    text-decoration: none;
                    user-select: none;
                    vertical-align: top;
                    width: 44px;
                  }
                  &::-moz-focus-inner {
                    border: 0;
                  }
                  .ms-Fabric--isFocusVisible &:focus:after {
                    border: 1px solid #ffffff;
                    bottom: 0px;
                    content: "";
                    left: 0px;
                    outline: 1px solid #666666;
                    position: absolute;
                    right: 0px;
                    top: 0px;
                    z-index: 1;
                  }
                  @media screen and (-ms-high-contrast: active){.ms-Fabric--isFocusVisible &:focus:after {
                    border: none;
                    bottom: -2px;
                    left: -2px;
                    outline-color: ButtonText;
                    right: -2px;
                    top: -2px;
                  }
                  &:hover {
                    color: #333333;
                  }
                  @media screen and (-ms-high-contrast: active){&:hover {
                    border-color: Highlight;
                    color: Highlight;
                  }
                  &:active {
                    color: #0078d4;
                  }
              data-is-focusable={true}
              data-is-visible={true}
              disabled={undefined}
              onClick={[Function]}
              onKeyDown={[Function]}
              onKeyPress={[Function]}
              onKeyUp={[Function]}
              onMouseDown={[Function]}
              onMouseUp={[Function]}
              type="button"
            >
              <div
                className=
                    ms-Button-flexContainer
                    {
                      align-items: center;
                      display: flex;
                      flex-wrap: nowrap;
                      height: 100%;
                      justify-content: center;
                    }
              >
                <i
                  aria-hidden={true}
                  className=
                      ms-Button-icon
                      {
                        -moz-osx-font-smoothing: grayscale;
                        -webkit-font-smoothing: antialiased;
                        display: inline-block;
                        flex-shrink: 0;
                        font-family: "FabricMDL2Icons";
                        font-size: 16px;
                        font-style: normal;
                        font-weight: normal;
                        height: 16px;
                        line-height: 16px;
                        margin-bottom: 0;
                        margin-left: 4px;
                        margin-right: 4px;
                        margin-top: 0;
                        speak: none;
                        text-align: center;
                        vertical-align: middle;
                      }
                  data-icon-name="Cancel"
                  role="presentation"
                >
                  îœ‘
                </i>
              </div>
            </button>
          </div>
        </div>
        <div
          className="ms-Panel-contentInner"
        >
          <div
            className="ms-Panel-header"
          >
            <p
              aria-level={2}
              className="ms-Panel-headerText"
              id="Panel0-headerText"
              role="heading"
            >
              Test Panel
            </p>
          </div>
          <div
            className="ms-Panel-content"
            data-is-scrollable={true}
          >
            <span>
              Content goes here
            </span>
          </div>
        </div>
      </div>
    </div>
  </div>
</div>
`;
