// Jest Snapshot v1, https://goo.gl/fbAQLP

exports[`ActivityItem renders ActivitiyItem correctly 1`] = `
<div
  className=
      ms-ActivityItem
      {
        -moz-osx-font-smoothing: grayscale;
        -webkit-font-smoothing: antialiased;
        align-items: flex-start;
        box-sizing: border-box;
        color: #666666;
        display: flex;
        font-family: 'Segoe UI Web (West European)', 'Segoe UI', -apple-system, BlinkMacSystemFont, 'Roboto', 'Helvetica Neue', sans-serif;
        font-size: 12px;
        font-weight: 400;
        justify-content: flex-start;
        line-height: 17px;
      }
  style={undefined}
>
  <div
    className=
        ms-ActivityItem-activityContent
        {
          padding-bottom: 0;
          padding-left: 8px;
          padding-right: 8px;
          padding-top: 0;
        }
  >
    <span
      className=
          ms-ActivityItem-activityText
          {
            display: inline;
          }
    >
      <span>
        Activity description content
      </span>
    </span>
    <div
      className=
          ms-ActivityItem-commentText
          {
            color: #333333;
          }
    >
      <span>
        Comment content
      </span>
    </div>
    <div
      className=
          ms-ActivityItem-timeStamp
          {
            -moz-osx-font-smoothing: grayscale;
            -webkit-font-smoothing: antialiased;
            color: #666666;
            font-family: 'Segoe UI Web (West European)', 'Segoe UI', -apple-system, BlinkMacSystemFont, 'Roboto', 'Helvetica Neue', sans-serif;
            font-size: 10px;
            font-weight: 400;
          }
    >
      Timestamp content
    </div>
  </div>
</div>
`;
