// Jest Snapshot v1, https://goo.gl/fbAQLP

exports[`ThemeProvider renders a default state 1`] = `
<div
  style={Object {}}
>
  Default ThemeProvider
</div>
`;
