// Jest Snapshot v1, https://goo.gl/fbAQLP

exports[`getDayGrid returns matrix with days 1`] = `
Array [
  Array [
    Object {
      "date": "20",
      "isInBounds": true,
      "isInMonth": false,
      "isSelected": false,
      "isToday": false,
      "key": "Sun Mar 20 2016 00:00:00 GMT+0000 (Coordinated Universal Time)",
      "originalDate": 2016-03-20T00:00:00.000Z,
    },
    Object {
      "date": "21",
      "isInBounds": true,
      "isInMonth": false,
      "isSelected": false,
      "isToday": false,
      "key": "Mon Mar 21 2016 00:00:00 GMT+0000 (Coordinated Universal Time)",
      "originalDate": 2016-03-21T00:00:00.000Z,
    },
    Object {
      "date": "22",
      "isInBounds": true,
      "isInMonth": false,
      "isSelected": false,
      "isToday": false,
      "key": "Tue Mar 22 2016 00:00:00 GMT+0000 (Coordinated Universal Time)",
      "originalDate": 2016-03-22T00:00:00.000Z,
    },
    Object {
      "date": "23",
      "isInBounds": true,
      "isInMonth": false,
      "isSelected": false,
      "isToday": false,
      "key": "Wed Mar 23 2016 00:00:00 GMT+0000 (Coordinated Universal Time)",
      "originalDate": 2016-03-23T00:00:00.000Z,
    },
    Object {
      "date": "24",
      "isInBounds": true,
      "isInMonth": false,
      "isSelected": false,
      "isToday": false,
      "key": "Thu Mar 24 2016 00:00:00 GMT+0000 (Coordinated Universal Time)",
      "originalDate": 2016-03-24T00:00:00.000Z,
    },
    Object {
      "date": "25",
      "isInBounds": true,
      "isInMonth": false,
      "isSelected": false,
      "isToday": false,
      "key": "Fri Mar 25 2016 00:00:00 GMT+0000 (Coordinated Universal Time)",
      "originalDate": 2016-03-25T00:00:00.000Z,
    },
    Object {
      "date": "26",
      "isInBounds": true,
      "isInMonth": false,
      "isSelected": false,
      "isToday": false,
      "key": "Sat Mar 26 2016 00:00:00 GMT+0000 (Coordinated Universal Time)",
      "originalDate": 2016-03-26T00:00:00.000Z,
    },
  ],
  Array [
    Object {
      "date": "27",
      "isInBounds": true,
      "isInMonth": false,
      "isSelected": false,
      "isToday": false,
      "key": "Sun Mar 27 2016 00:00:00 GMT+0000 (Coordinated Universal Time)",
      "originalDate": 2016-03-27T00:00:00.000Z,
    },
    Object {
      "date": "28",
      "isInBounds": true,
      "isInMonth": false,
      "isSelected": false,
      "isToday": false,
      "key": "Mon Mar 28 2016 00:00:00 GMT+0000 (Coordinated Universal Time)",
      "originalDate": 2016-03-28T00:00:00.000Z,
    },
    Object {
      "date": "29",
      "isInBounds": true,
      "isInMonth": false,
      "isSelected": false,
      "isToday": false,
      "key": "Tue Mar 29 2016 00:00:00 GMT+0000 (Coordinated Universal Time)",
      "originalDate": 2016-03-29T00:00:00.000Z,
    },
    Object {
      "date": "30",
      "isInBounds": true,
      "isInMonth": false,
      "isSelected": false,
      "isToday": false,
      "key": "Wed Mar 30 2016 00:00:00 GMT+0000 (Coordinated Universal Time)",
      "originalDate": 2016-03-30T00:00:00.000Z,
    },
    Object {
      "date": "31",
      "isInBounds": true,
      "isInMonth": false,
      "isSelected": false,
      "isToday": false,
      "key": "Thu Mar 31 2016 00:00:00 GMT+0000 (Coordinated Universal Time)",
      "originalDate": 2016-03-31T00:00:00.000Z,
    },
    Object {
      "date": "1",
      "isInBounds": true,
      "isInMonth": true,
      "isSelected": true,
      "isToday": false,
      "key": "Fri Apr 01 2016 00:00:00 GMT+0000 (Coordinated Universal Time)",
      "originalDate": 2016-04-01T00:00:00.000Z,
    },
    Object {
      "date": "2",
      "isInBounds": true,
      "isInMonth": true,
      "isSelected": false,
      "isToday": false,
      "key": "Sat Apr 02 2016 00:00:00 GMT+0000 (Coordinated Universal Time)",
      "originalDate": 2016-04-02T00:00:00.000Z,
    },
  ],
  Array [
    Object {
      "date": "3",
      "isInBounds": true,
      "isInMonth": true,
      "isSelected": false,
      "isToday": false,
      "key": "Sun Apr 03 2016 00:00:00 GMT+0000 (Coordinated Universal Time)",
      "originalDate": 2016-04-03T00:00:00.000Z,
    },
    Object {
      "date": "4",
      "isInBounds": true,
      "isInMonth": true,
      "isSelected": false,
      "isToday": false,
      "key": "Mon Apr 04 2016 00:00:00 GMT+0000 (Coordinated Universal Time)",
      "originalDate": 2016-04-04T00:00:00.000Z,
    },
    Object {
      "date": "5",
      "isInBounds": true,
      "isInMonth": true,
      "isSelected": false,
      "isToday": false,
      "key": "Tue Apr 05 2016 00:00:00 GMT+0000 (Coordinated Universal Time)",
      "originalDate": 2016-04-05T00:00:00.000Z,
    },
    Object {
      "date": "6",
      "isInBounds": true,
      "isInMonth": true,
      "isSelected": false,
      "isToday": false,
      "key": "Wed Apr 06 2016 00:00:00 GMT+0000 (Coordinated Universal Time)",
      "originalDate": 2016-04-06T00:00:00.000Z,
    },
    Object {
      "date": "7",
      "isInBounds": true,
      "isInMonth": true,
      "isSelected": false,
      "isToday": false,
      "key": "Thu Apr 07 2016 00:00:00 GMT+0000 (Coordinated Universal Time)",
      "originalDate": 2016-04-07T00:00:00.000Z,
    },
    Object {
      "date": "8",
      "isInBounds": true,
      "isInMonth": true,
      "isSelected": false,
      "isToday": false,
      "key": "Fri Apr 08 2016 00:00:00 GMT+0000 (Coordinated Universal Time)",
      "originalDate": 2016-04-08T00:00:00.000Z,
    },
    Object {
      "date": "9",
      "isInBounds": true,
      "isInMonth": true,
      "isSelected": false,
      "isToday": false,
      "key": "Sat Apr 09 2016 00:00:00 GMT+0000 (Coordinated Universal Time)",
      "originalDate": 2016-04-09T00:00:00.000Z,
    },
  ],
  Array [
    Object {
      "date": "10",
      "isInBounds": true,
      "isInMonth": true,
      "isSelected": false,
      "isToday": false,
      "key": "Sun Apr 10 2016 00:00:00 GMT+0000 (Coordinated Universal Time)",
      "originalDate": 2016-04-10T00:00:00.000Z,
    },
    Object {
      "date": "11",
      "isInBounds": true,
      "isInMonth": true,
      "isSelected": false,
      "isToday": false,
      "key": "Mon Apr 11 2016 00:00:00 GMT+0000 (Coordinated Universal Time)",
      "originalDate": 2016-04-11T00:00:00.000Z,
    },
    Object {
      "date": "12",
      "isInBounds": true,
      "isInMonth": true,
      "isSelected": false,
      "isToday": false,
      "key": "Tue Apr 12 2016 00:00:00 GMT+0000 (Coordinated Universal Time)",
      "originalDate": 2016-04-12T00:00:00.000Z,
    },
    Object {
      "date": "13",
      "isInBounds": true,
      "isInMonth": true,
      "isSelected": false,
      "isToday": false,
      "key": "Wed Apr 13 2016 00:00:00 GMT+0000 (Coordinated Universal Time)",
      "originalDate": 2016-04-13T00:00:00.000Z,
    },
    Object {
      "date": "14",
      "isInBounds": true,
      "isInMonth": true,
      "isSelected": false,
      "isToday": false,
      "key": "Thu Apr 14 2016 00:00:00 GMT+0000 (Coordinated Universal Time)",
      "originalDate": 2016-04-14T00:00:00.000Z,
    },
    Object {
      "date": "15",
      "isInBounds": true,
      "isInMonth": true,
      "isSelected": false,
      "isToday": false,
      "key": "Fri Apr 15 2016 00:00:00 GMT+0000 (Coordinated Universal Time)",
      "originalDate": 2016-04-15T00:00:00.000Z,
    },
    Object {
      "date": "16",
      "isInBounds": true,
      "isInMonth": true,
      "isSelected": false,
      "isToday": false,
      "key": "Sat Apr 16 2016 00:00:00 GMT+0000 (Coordinated Universal Time)",
      "originalDate": 2016-04-16T00:00:00.000Z,
    },
  ],
  Array [
    Object {
      "date": "17",
      "isInBounds": true,
      "isInMonth": true,
      "isSelected": false,
      "isToday": false,
      "key": "Sun Apr 17 2016 00:00:00 GMT+0000 (Coordinated Universal Time)",
      "originalDate": 2016-04-17T00:00:00.000Z,
    },
    Object {
      "date": "18",
      "isInBounds": true,
      "isInMonth": true,
      "isSelected": false,
      "isToday": false,
      "key": "Mon Apr 18 2016 00:00:00 GMT+0000 (Coordinated Universal Time)",
      "originalDate": 2016-04-18T00:00:00.000Z,
    },
    Object {
      "date": "19",
      "isInBounds": true,
      "isInMonth": true,
      "isSelected": false,
      "isToday": false,
      "key": "Tue Apr 19 2016 00:00:00 GMT+0000 (Coordinated Universal Time)",
      "originalDate": 2016-04-19T00:00:00.000Z,
    },
    Object {
      "date": "20",
      "isInBounds": true,
      "isInMonth": true,
      "isSelected": false,
      "isToday": false,
      "key": "Wed Apr 20 2016 00:00:00 GMT+0000 (Coordinated Universal Time)",
      "originalDate": 2016-04-20T00:00:00.000Z,
    },
    Object {
      "date": "21",
      "isInBounds": true,
      "isInMonth": true,
      "isSelected": false,
      "isToday": false,
      "key": "Thu Apr 21 2016 00:00:00 GMT+0000 (Coordinated Universal Time)",
      "originalDate": 2016-04-21T00:00:00.000Z,
    },
    Object {
      "date": "22",
      "isInBounds": true,
      "isInMonth": true,
      "isSelected": false,
      "isToday": false,
      "key": "Fri Apr 22 2016 00:00:00 GMT+0000 (Coordinated Universal Time)",
      "originalDate": 2016-04-22T00:00:00.000Z,
    },
    Object {
      "date": "23",
      "isInBounds": true,
      "isInMonth": true,
      "isSelected": false,
      "isToday": false,
      "key": "Sat Apr 23 2016 00:00:00 GMT+0000 (Coordinated Universal Time)",
      "originalDate": 2016-04-23T00:00:00.000Z,
    },
  ],
  Array [
    Object {
      "date": "24",
      "isInBounds": true,
      "isInMonth": true,
      "isSelected": false,
      "isToday": false,
      "key": "Sun Apr 24 2016 00:00:00 GMT+0000 (Coordinated Universal Time)",
      "originalDate": 2016-04-24T00:00:00.000Z,
    },
    Object {
      "date": "25",
      "isInBounds": true,
      "isInMonth": true,
      "isSelected": false,
      "isToday": false,
      "key": "Mon Apr 25 2016 00:00:00 GMT+0000 (Coordinated Universal Time)",
      "originalDate": 2016-04-25T00:00:00.000Z,
    },
    Object {
      "date": "26",
      "isInBounds": true,
      "isInMonth": true,
      "isSelected": false,
      "isToday": false,
      "key": "Tue Apr 26 2016 00:00:00 GMT+0000 (Coordinated Universal Time)",
      "originalDate": 2016-04-26T00:00:00.000Z,
    },
    Object {
      "date": "27",
      "isInBounds": true,
      "isInMonth": true,
      "isSelected": false,
      "isToday": false,
      "key": "Wed Apr 27 2016 00:00:00 GMT+0000 (Coordinated Universal Time)",
      "originalDate": 2016-04-27T00:00:00.000Z,
    },
    Object {
      "date": "28",
      "isInBounds": true,
      "isInMonth": true,
      "isSelected": false,
      "isToday": false,
      "key": "Thu Apr 28 2016 00:00:00 GMT+0000 (Coordinated Universal Time)",
      "originalDate": 2016-04-28T00:00:00.000Z,
    },
    Object {
      "date": "29",
      "isInBounds": true,
      "isInMonth": true,
      "isSelected": false,
      "isToday": false,
      "key": "Fri Apr 29 2016 00:00:00 GMT+0000 (Coordinated Universal Time)",
      "originalDate": 2016-04-29T00:00:00.000Z,
    },
    Object {
      "date": "30",
      "isInBounds": true,
      "isInMonth": true,
      "isSelected": false,
      "isToday": false,
      "key": "Sat Apr 30 2016 00:00:00 GMT+0000 (Coordinated Universal Time)",
      "originalDate": 2016-04-30T00:00:00.000Z,
    },
  ],
  Array [
    Object {
      "date": "1",
      "isInBounds": true,
      "isInMonth": false,
      "isSelected": false,
      "isToday": false,
      "key": "Sun May 01 2016 00:00:00 GMT+0000 (Coordinated Universal Time)",
      "originalDate": 2016-05-01T00:00:00.000Z,
    },
    Object {
      "date": "2",
      "isInBounds": true,
      "isInMonth": false,
      "isSelected": false,
      "isToday": false,
      "key": "Mon May 02 2016 00:00:00 GMT+0000 (Coordinated Universal Time)",
      "originalDate": 2016-05-02T00:00:00.000Z,
    },
    Object {
      "date": "3",
      "isInBounds": true,
      "isInMonth": false,
      "isSelected": false,
      "isToday": false,
      "key": "Tue May 03 2016 00:00:00 GMT+0000 (Coordinated Universal Time)",
      "originalDate": 2016-05-03T00:00:00.000Z,
    },
    Object {
      "date": "4",
      "isInBounds": true,
      "isInMonth": false,
      "isSelected": false,
      "isToday": false,
      "key": "Wed May 04 2016 00:00:00 GMT+0000 (Coordinated Universal Time)",
      "originalDate": 2016-05-04T00:00:00.000Z,
    },
    Object {
      "date": "5",
      "isInBounds": true,
      "isInMonth": false,
      "isSelected": false,
      "isToday": false,
      "key": "Thu May 05 2016 00:00:00 GMT+0000 (Coordinated Universal Time)",
      "originalDate": 2016-05-05T00:00:00.000Z,
    },
    Object {
      "date": "6",
      "isInBounds": true,
      "isInMonth": false,
      "isSelected": false,
      "isToday": false,
      "key": "Fri May 06 2016 00:00:00 GMT+0000 (Coordinated Universal Time)",
      "originalDate": 2016-05-06T00:00:00.000Z,
    },
    Object {
      "date": "7",
      "isInBounds": true,
      "isInMonth": false,
      "isSelected": false,
      "isToday": false,
      "key": "Sat May 07 2016 00:00:00 GMT+0000 (Coordinated Universal Time)",
      "originalDate": 2016-05-07T00:00:00.000Z,
    },
  ],
]
`;
