// Jest Snapshot v1, https://goo.gl/fbAQLP

exports[`Tooltip renders a default state 1`] = `
<div
  className=""
  role="tooltip"
>
  <div
    className=""
  >
    
  </div>
  Default Tooltip
</div>
`;
