// Jest Snapshot v1, https://goo.gl/fbAQLP

exports[`TooltipTrigger renders a default state 1`] = `
<button
  aria-describedby="tooltip-1"
  onBlur={[Function]}
  onFocus={[Function]}
  onPointerEnter={[Function]}
  onPointerLeave={[Function]}
>
  hello world
</button>
`;
