// Jest Snapshot v1, https://goo.gl/fbAQLP

exports[`MenuItemRadio renders a default state 1`] = `
<div
  aria-checked={false}
  className=""
  name="radio"
  onClick={[Function]}
  onKeyDown={[Function]}
  onMouseEnter={[Function]}
  role="menuitemradio"
  tabIndex={0}
>
  <span
    className=""
  >
    Default MenuItemRadio
  </span>
</div>
`;
