// Jest Snapshot v1, https://goo.gl/fbAQLP

exports[`MenuItem renders a default state 1`] = `
<div
  className=""
  onKeyDown={[Function]}
  role="menuitem"
  tabIndex={0}
>
  Default MenuItem
</div>
`;
