// Jest Snapshot v1, https://goo.gl/fbAQLP

exports[`Link renders a default state 1`] = `
<button
  className=""
  onClick={[Function]}
  type="button"
>
  Default Link
</button>
`;
