// Jest Snapshot v1, https://goo.gl/fbAQLP

exports[`TooltipProvider renders a default state 1`] = `
Array [
  "Default TooltipProvider",
  <div />,
]
`;
