// Jest Snapshot v1, https://goo.gl/fbAQLP

exports[`MenuGroup renders a default state 1`] = `
<div
  aria-labelledby="menu-group21"
  role="group"
>
  Default MenuGroup
</div>
`;
