// Jest Snapshot v1, https://goo.gl/fbAQLP

exports[`MenuList renders a default state 1`] = `
<div
  role="menu"
>
  Default MenuList
</div>
`;
